[2026-05-27T19:08:14.955Z] 7:08:14 PM [vite] changed tsconfig file detected: /home/ubuntu/zdos-unified-app/tsconfig.json - Clearing cache and forcing full-reload to ensure TypeScript is compiled with updated config values.
[2026-05-27T19:08:14.959Z] 7:08:14 PM [vite] (client) page reload public/.gitkeep
[2026-05-27T19:08:14.959Z] 7:08:14 PM [vite] (client) page reload public/__manus__/debug-collector.js
[2026-05-27T19:08:14.959Z] 7:08:14 PM [vite] (client) page reload index.html
[2026-05-27T19:08:14.960Z] 7:08:14 PM [vite] (client) page reload src/App.tsx
[2026-05-27T19:08:14.960Z] 7:08:14 PM [vite] (client) page reload src/const.ts
[2026-05-27T19:08:14.960Z] 7:08:14 PM [vite] (client) hmr update /src/index.css
[2026-05-27T19:08:14.960Z] 7:08:14 PM [vite] (client) page reload src/main.tsx
[2026-05-27T19:08:14.960Z] 7:08:14 PM [vite] (client) page reload src/_core/hooks/useAuth.ts
[2026-05-27T19:08:14.960Z] 7:08:14 PM [vite] (client) page reload src/components/AIChatBox.tsx
[2026-05-27T19:08:14.960Z] 7:08:14 PM [vite] (client) page reload src/components/DashboardLayout.tsx
[2026-05-27T19:08:14.960Z] 7:08:14 PM [vite] (client) page reload src/components/DashboardLayoutSkeleton.tsx
[2026-05-27T19:08:14.960Z] 7:08:14 PM [vite] (client) page reload src/components/ErrorBoundary.tsx
[2026-05-27T19:08:14.960Z] 7:08:14 PM [vite] (client) page reload src/components/ManusDialog.tsx
[2026-05-27T19:08:14.960Z] 7:08:14 PM [vite] (client) page reload src/components/Map.tsx
[2026-05-27T19:08:14.960Z] 7:08:14 PM [vite] (client) page reload src/components/ui/accordion.tsx
[2026-05-27T19:08:14.960Z] 7:08:14 PM [vite] (client) page reload src/components/ui/alert-dialog.tsx
[2026-05-27T19:08:14.960Z] 7:08:14 PM [vite] (client) page reload src/components/ui/alert.tsx
[2026-05-27T19:08:14.960Z] 7:08:14 PM [vite] (client) page reload src/components/ui/aspect-ratio.tsx
[2026-05-27T19:08:14.960Z] 7:08:14 PM [vite] (client) page reload src/components/ui/avatar.tsx
[2026-05-27T19:08:14.960Z] 7:08:14 PM [vite] (client) page reload src/components/ui/badge.tsx
[2026-05-27T19:08:14.960Z] 7:08:14 PM [vite] (client) page reload src/components/ui/breadcrumb.tsx
[2026-05-27T19:08:14.960Z] 7:08:14 PM [vite] (client) page reload src/components/ui/button-group.tsx
[2026-05-27T19:08:14.960Z] 7:08:14 PM [vite] (client) page reload src/components/ui/button.tsx
[2026-05-27T19:08:14.960Z] 7:08:14 PM [vite] (client) page reload src/components/ui/calendar.tsx
[2026-05-27T19:08:14.961Z] 7:08:14 PM [vite] (client) page reload src/components/ui/card.tsx
[2026-05-27T19:08:14.961Z] 7:08:14 PM [vite] (client) page reload src/components/ui/carousel.tsx
[2026-05-27T19:08:14.961Z] 7:08:14 PM [vite] (client) page reload src/components/ui/chart.tsx
[2026-05-27T19:08:14.961Z] 7:08:14 PM [vite] (client) page reload src/components/ui/checkbox.tsx
[2026-05-27T19:08:14.961Z] 7:08:14 PM [vite] (client) page reload src/components/ui/collapsible.tsx
[2026-05-27T19:08:14.961Z] 7:08:14 PM [vite] (client) page reload src/components/ui/command.tsx
[2026-05-27T19:08:14.961Z] 7:08:14 PM [vite] (client) page reload src/components/ui/context-menu.tsx
[2026-05-27T19:08:14.961Z] 7:08:14 PM [vite] (client) page reload src/components/ui/dialog.tsx
[2026-05-27T19:08:14.961Z] 7:08:14 PM [vite] (client) page reload src/components/ui/drawer.tsx
[2026-05-27T19:08:14.961Z] 7:08:14 PM [vite] (client) page reload src/components/ui/dropdown-menu.tsx
[2026-05-27T19:08:14.961Z] 7:08:14 PM [vite] (client) page reload src/components/ui/empty.tsx
[2026-05-27T19:08:14.961Z] 7:08:14 PM [vite] (client) page reload src/components/ui/field.tsx
[2026-05-27T19:08:14.961Z] 7:08:14 PM [vite] (client) page reload src/components/ui/form.tsx
[2026-05-27T19:08:14.961Z] 7:08:14 PM [vite] (client) page reload src/components/ui/hover-card.tsx
[2026-05-27T19:08:14.961Z] 7:08:14 PM [vite] (client) page reload src/components/ui/input-group.tsx
[2026-05-27T19:08:14.961Z] 7:08:14 PM [vite] (client) page reload src/components/ui/input-otp.tsx
[2026-05-27T19:08:14.961Z] 7:08:14 PM [vite] (client) page reload src/components/ui/input.tsx
[2026-05-27T19:08:14.961Z] 7:08:14 PM [vite] (client) page reload src/components/ui/item.tsx
[2026-05-27T19:08:14.961Z] 7:08:14 PM [vite] (client) page reload src/components/ui/kbd.tsx
[2026-05-27T19:08:14.961Z] 7:08:14 PM [vite] (client) page reload src/components/ui/label.tsx
[2026-05-27T19:08:14.961Z] 7:08:14 PM [vite] (client) page reload src/components/ui/menubar.tsx
[2026-05-27T19:08:14.961Z] 7:08:14 PM [vite] (client) page reload src/components/ui/navigation-menu.tsx
[2026-05-27T19:08:14.961Z] 7:08:14 PM [vite] (client) page reload src/components/ui/pagination.tsx
[2026-05-27T19:08:14.961Z] 7:08:14 PM [vite] (client) page reload src/components/ui/popover.tsx
[2026-05-27T19:08:14.961Z] 7:08:14 PM [vite] (client) page reload src/components/ui/progress.tsx
[2026-05-27T19:08:14.961Z] 7:08:14 PM [vite] (client) page reload src/components/ui/radio-group.tsx
[2026-05-27T19:08:14.961Z] 7:08:14 PM [vite] (client) page reload src/components/ui/resizable.tsx
[2026-05-27T19:08:14.961Z] 7:08:14 PM [vite] (client) page reload src/components/ui/scroll-area.tsx
[2026-05-27T19:08:14.961Z] 7:08:14 PM [vite] (client) page reload src/components/ui/select.tsx
[2026-05-27T19:08:14.961Z] 7:08:14 PM [vite] (client) page reload src/components/ui/separator.tsx
[2026-05-27T19:08:14.961Z] 7:08:14 PM [vite] (client) page reload src/components/ui/sheet.tsx
[2026-05-27T19:08:14.961Z] 7:08:14 PM [vite] (client) page reload src/components/ui/sidebar.tsx
[2026-05-27T19:08:14.961Z] 7:08:14 PM [vite] (client) page reload src/components/ui/skeleton.tsx
[2026-05-27T19:08:14.961Z] 7:08:14 PM [vite] (client) page reload src/components/ui/slider.tsx
[2026-05-27T19:08:14.961Z] 7:08:14 PM [vite] (client) page reload src/components/ui/sonner.tsx
[2026-05-27T19:08:14.961Z] 7:08:14 PM [vite] (client) page reload src/components/ui/spinner.tsx
[2026-05-27T19:08:14.961Z] 7:08:14 PM [vite] (client) page reload src/components/ui/switch.tsx
[2026-05-27T19:08:14.961Z] 7:08:14 PM [vite] (client) page reload src/components/ui/table.tsx
[2026-05-27T19:08:14.961Z] 7:08:14 PM [vite] (client) page reload src/components/ui/tabs.tsx
[2026-05-27T19:08:14.961Z] 7:08:14 PM [vite] (client) page reload src/components/ui/textarea.tsx
[2026-05-27T19:08:14.961Z] 7:08:14 PM [vite] (client) page reload src/components/ui/toggle-group.tsx
[2026-05-27T19:08:14.961Z] 7:08:14 PM [vite] (client) page reload src/components/ui/toggle.tsx
[2026-05-27T19:08:14.962Z] 7:08:14 PM [vite] (client) page reload src/components/ui/tooltip.tsx
[2026-05-27T19:08:14.962Z] 7:08:14 PM [vite] (client) page reload src/components/ZdosDashboardLayout.tsx
[2026-05-27T19:08:14.962Z] 7:08:14 PM [vite] (client) page reload src/contexts/ThemeContext.tsx
[2026-05-27T19:08:14.962Z] 7:08:14 PM [vite] (client) page reload src/hooks/useComposition.ts
[2026-05-27T19:08:14.962Z] 7:08:14 PM [vite] (client) page reload src/hooks/useMobile.tsx
[2026-05-27T19:08:14.962Z] 7:08:14 PM [vite] (client) page reload src/hooks/usePersistFn.ts
[2026-05-27T19:08:14.962Z] 7:08:14 PM [vite] (client) page reload src/lib/trpc.ts
[2026-05-27T19:08:14.962Z] 7:08:14 PM [vite] (client) page reload src/lib/utils.ts
[2026-05-27T19:08:14.962Z] 7:08:14 PM [vite] (client) page reload src/pages/ComponentShowcase.tsx
[2026-05-27T19:08:14.962Z] 7:08:14 PM [vite] (client) page reload src/pages/Home.tsx
[2026-05-27T19:08:14.962Z] 7:08:14 PM [vite] (client) page reload src/pages/NotFound.tsx
[2026-05-27T19:08:14.962Z] 7:08:14 PM [vite] (client) page reload src/pages/Dashboard.tsx
[2026-05-27T19:08:14.962Z] 7:08:14 PM [vite] (client) page reload src/pages/HighCoin.tsx
[2026-05-27T19:08:14.962Z] 7:08:14 PM [vite] (client) page reload src/pages/Wallet.tsx
[2026-05-27T19:08:14.962Z] 7:08:14 PM [vite] (client) page reload src/pages/LiquidityPool.tsx
[2026-05-27T19:08:14.962Z] 7:08:14 PM [vite] (client) page reload src/pages/Profile.tsx
